// Jest Snapshot v1, https://goo.gl/fbAQLP

exports[`Should Movie Page Reviews render correctly 1`] = `
<div
  className="movie-card__reviews movie-card__row"
>
  <div
    className="movie-card__reviews-col"
  >
    <div
      className="review"
    >
      <blockquote
        className="review__quote"
      >
        <p
          className="review__text"
        >
          I personally found this movie to be boring. Definitely one of the most boring movies I've ever seen.
        </p>
        <footer
          className="review__details"
        >
          <cite
            className="review__author"
          >
            Sophie
          </cite>
          <time
            className="review__date"
            dateTime="2020-08-24"
          >
            August 24, 2020
          </time>
        </footer>
      </blockquote>
      <div
        className="review__rating"
      >
        4.6
      </div>
    </div>
  </div>
  <div
    className="movie-card__reviews-col"
  >
    <div
      className="review"
    >
      <blockquote
        className="review__quote"
      >
        <p
          className="review__text"
        >
          This movie really touched my heart, it really is the best movie of the year and everyone should see this masterpiece.
        </p>
        <footer
          className="review__details"
        >
          <cite
            className="review__author"
          >
            Corey
          </cite>
          <time
            className="review__date"
            dateTime="2020-08-07"
          >
            August 7, 2020
          </time>
        </footer>
      </blockquote>
      <div
        className="review__rating"
      >
        7.4
      </div>
    </div>
  </div>
</div>
`;
